// Vitest Snapshot v1

exports[`Component RabiSelect > matches snapshot 1`] = `"שיטת מדידה:  גר\\"ח (רב חיים נאה)  חזון איש"`;
