// Vitest Snapshot v1

exports[`Component ConversionUI > matches snapshot 1`] = `
"<label for=\\"ruler-select\\">שיטת מדידה: </label><select id=\\"ruler-select\\">
  <option value=\\"גרח\\"> גר\\"ח (רב חיים נאה) </option>
  <option value=\\"חזון_איש\\"> חזון איש </option>
</select>
<h6>שים לב: הסיט מחושב לפי שיטת הרמב\\"ם</h6>
<table data-v-6edac4c0=\\"\\">
  <thead data-v-6edac4c0=\\"\\">
    <tr data-v-6edac4c0=\\"\\">
      <th data-v-6edac4c0=\\"\\">אצבע</th>
      <th data-v-6edac4c0=\\"\\">טפח</th>
      <th data-v-6edac4c0=\\"\\">סיט</th>
      <th data-v-6edac4c0=\\"\\">זרת</th>
      <th data-v-6edac4c0=\\"\\">אמה</th>
      <th data-v-6edac4c0=\\"\\">ריס</th>
      <th data-v-6edac4c0=\\"\\">מיל</th>
      <th data-v-6edac4c0=\\"\\">פרסה</th>
    </tr>
  </thead>
  <tbody data-v-6edac4c0=\\"\\">
    <tr data-v-6edac4c0=\\"\\">
      <td data-v-6edac4c0=\\"\\">2 ס\\"מ</td>
      <td data-v-6edac4c0=\\"\\">8 ס\\"מ</td>
      <td data-v-6edac4c0=\\"\\">16 ס\\"מ</td>
      <td data-v-6edac4c0=\\"\\">24 ס\\"מ</td>
      <td data-v-6edac4c0=\\"\\">48 ס\\"מ</td>
      <td data-v-6edac4c0=\\"\\">128 מטר</td>
      <td data-v-6edac4c0=\\"\\">960 מטר</td>
      <td data-v-6edac4c0=\\"\\">3.84 ק\\"מ</td>
    </tr>
  </tbody>
</table>
<div class=\\"wrapper-row\\" data-v-6edac4c0=\\"\\">
  <div class=\\"wrapper-column\\" data-v-6edac4c0=\\"\\"><select class=\\"centered\\" data-v-6edac4c0=\\"\\">
      <option value=\\"סנטימטר\\">סנטימטר</option>
      <option value=\\"מטר\\">מטר</option>
      <option value=\\"קילומטר\\">קילומטר</option>
      <option value=\\"אצבע\\">אצבע</option>
      <option value=\\"טפח\\">טפח</option>
      <option value=\\"סיט\\">סיט</option>
      <option value=\\"זרת\\">זרת</option>
      <option value=\\"אמה\\">אמה</option>
      <option value=\\"ריס\\">ריס</option>
      <option value=\\"מיל\\">מיל</option>
      <option value=\\"פרסה\\">פרסה</option>
    </select><input class=\\"conversion-input\\" size=\\"12\\" data-v-951c0080=\\"\\" data-v-6edac4c0=\\"\\"></div>
  <div class=\\"wrapper-column\\" data-v-6edac4c0=\\"\\"> = </div>
  <div class=\\"wrapper-column\\" data-v-6edac4c0=\\"\\"><select class=\\"centered\\" data-v-6edac4c0=\\"\\">
      <option value=\\"סנטימטר\\">סנטימטר</option>
      <option value=\\"מטר\\">מטר</option>
      <option value=\\"קילומטר\\">קילומטר</option>
      <option value=\\"אצבע\\">אצבע</option>
      <option value=\\"טפח\\">טפח</option>
      <option value=\\"סיט\\">סיט</option>
      <option value=\\"זרת\\">זרת</option>
      <option value=\\"אמה\\">אמה</option>
      <option value=\\"ריס\\">ריס</option>
      <option value=\\"מיל\\">מיל</option>
      <option value=\\"פרסה\\">פרסה</option>
    </select><input class=\\"conversion-input\\" disabled=\\"\\" size=\\"12\\" data-v-951c0080=\\"\\" data-v-6edac4c0=\\"\\"></div>
</div>"
`;
