// Vitest Snapshot v1

exports[`Component ConversionUISelect > matches snapshot 1`] = `
"<select>
  <option value=\\"טפח\\">טפח</option>
  <option value=\\"אצבע\\">אצבע</option>
</select>"
`;
