// Vitest Snapshot v1

exports[`Component LengthTable > matches snapshot 1`] = `
"<table data-v-4279aa88=\\"\\">
  <thead data-v-4279aa88=\\"\\">
    <tr data-v-4279aa88=\\"\\">
      <th data-v-4279aa88=\\"\\">אצבע</th>
      <th data-v-4279aa88=\\"\\">סנטימטר</th>
      <th data-v-4279aa88=\\"\\">טפח</th>
      <th data-v-4279aa88=\\"\\">זרת</th>
    </tr>
  </thead>
  <tbody data-v-4279aa88=\\"\\">
    <tr data-v-4279aa88=\\"\\">
      <td data-v-4279aa88=\\"\\">5 מ\\"מ</td>
      <td data-v-4279aa88=\\"\\">10 ס\\"מ</td>
      <td data-v-4279aa88=\\"\\">4 מטר</td>
      <td data-v-4279aa88=\\"\\">4 ק\\"מ</td>
    </tr>
  </tbody>
</table>
<div class=\\"wrapper-row\\" data-v-4279aa88=\\"\\">
  <div class=\\"wrapper-column\\" data-v-4279aa88=\\"\\"><select class=\\"centered\\" data-v-4279aa88=\\"\\">
      <option value=\\"אצבע\\">אצבע</option>
      <option value=\\"סנטימטר\\">סנטימטר</option>
      <option value=\\"אמה\\">אמה</option>
      <option value=\\"טפח\\">טפח</option>
      <option value=\\"זרת\\">זרת</option>
    </select><input class=\\"conversion-input\\" size=\\"12\\" data-v-519321c2=\\"\\" data-v-4279aa88=\\"\\"></div>
  <div class=\\"wrapper-column\\" data-v-4279aa88=\\"\\"> = </div>
  <div class=\\"wrapper-column\\" data-v-4279aa88=\\"\\"><select class=\\"centered\\" data-v-4279aa88=\\"\\">
      <option value=\\"אצבע\\">אצבע</option>
      <option value=\\"סנטימטר\\">סנטימטר</option>
      <option value=\\"אמה\\">אמה</option>
      <option value=\\"טפח\\">טפח</option>
      <option value=\\"זרת\\">זרת</option>
    </select><input class=\\"conversion-input\\" disabled=\\"\\" size=\\"12\\" data-v-519321c2=\\"\\" data-v-4279aa88=\\"\\"></div>
</div>"
`;
